[0m[1;34m━━━━━━━━━━━━━━━━━━━━━━━━━━━━━━━━━━━━━━━━━━━━
[0;36m ____  [1;36m____ [0;36m____                [1;37m_            _
[0;36m|  _ \[1;36m/ ___[0;36m| __ ) [1;37m_ __ _____  _(_)_   ____ _| |
[0;36m| |_)[1;36m| |  [0;36m|  _ \[1;37m| '__/ _ \ \/ / \ \ / / _` | |
[0;36m|  __/[1;36m| |__[0;36m| |_) [1;37m| | |  __/>  <| |\ V / (_| | |
[0;36m|_|   [1;36m \____[0;36m|____/[1;37m|_|  \___/_/\_\_| \_/ \__,_|_|
[1;34m━━━━━━━━━━━━━━━━━━━━━━━━━━━━━━━━━━━━━━━━━━━━
[1;33m  PCBoard 15.4[0;33m Revival
[1;37m  Source Recovery & Modernization Project
[1;34m━━━━━━━━━━━━━━━━━━━━━━━━━━━━━━━━━━━━━━━━━━━━
[1;32m  33 [0;32mprograms [1;32m(28 Clark + 5 new)[0m
[1;32m  12/12 [0;32mPhase 0 utilities linked[0m
[1;33m  pcbis [0;33m5,710-line internet daemon[0m
[1;36m  pcbbinkp [0;36mBinkP/1.1 FidoNet mailer[0m
[1;36m  pcbdraw  [0;36mANSI art viewer/editor[0m
[1;33m  5,703 [0;33mPPE archives (incl. Roy/SAC)[0m
[1;36m  SIO [0;36mdriver (31 bugs fixed)[0m
[1;34m━━━━━━━━━━━━━━━━━━━━━━━━━━━━━━━━━━━━━━━━━━━━
[0;36m  hexadecimal [0;37m· [0;36mverta1878 [0;37m· [0;36mwrench
[0;36m  sysop/0 [0;37m· [0;36mkiddo [0;37m· [0;36mevga
[1;34m━━━━━━━━━━━━━━━━━━━━━━━━━━━━━━━━━━━━━━━━━━━━
[0;36m  github.com/verta1878/pcbrevival[0m
